// Jest Snapshot v1, https://goo.gl/fbAQLP

exports[`addAPIData 1`] = `
Object {
  "payload": Object {
    "description": "A television anthology series that shows the dark side of life and technology.",
    "imdbID": "tt2085059",
    "poster": "bm.jpg",
    "rating": "9.7",
    "title": "Black Mirror",
    "trailer": "jDiYGjp5iFg",
    "year": "2011â€“",
  },
  "type": "ADD_API_DATA",
}
`;

exports[`setSearchTerm 1`] = `
Object {
  "payload": "Black",
  "type": "SET_SEARCH_TERM",
}
`;
